// Jest Snapshot v1, https://goo.gl/fbAQLP

exports[`Snapshots Snapshot test 1`] = `
Object {
  "gender": "Male",
  "id": 1,
  "name": "Rick sanches",
  "species": undefined,
  "status": "Alive",
}
`;

exports[`Snapshots always fail 1`] = `
Object {
  "createdAt": 2020-11-01T13:58:38.810Z,
  "id": 17,
}
`;

exports[`Snapshots have an exception 1`] = `
Object {
  "id": Any<Number>,
  "name": "Rogelio",
}
`;
